warn: The se.py script is deprecated. It will be removed in future releases of  gem5.
Global frequency set at 1000000000000 ticks per second
warn: No dot file generated. Please install pydot to generate the dot file and pdf.
src/mem/dram_interface.cc:690: warn: DRAM device capacity (16384 Mbytes) does not match the address range assigned (4096 Mbytes)
src/base/statistics.hh:279: warn: One of the stats is a legacy stat. Legacy stat is a stat that does not belong to any statistics::Group. Legacy stat is deprecated.
src/base/remote_gdb.cc:418: warn: Sockets disabled, not accepting gdb connections
gem5 Simulator System.  https://www.gem5.org
gem5 is copyrighted software; use the --copyright option for details.

gem5 version 24.0.0.0
gem5 compiled Sep 11 2026 22:02:25
gem5 started Sep 12 2026 03:26:52
gem5 executing on DESKTOP-NS3KCLF, pid 756
command line: /root/amcas_build/gem5/build/X86/gem5.opt --outdir=/root/amcas_build/runs/sssp_sram_2mb_7cy /root/amcas_build/gem5/configs/deprecated/example/se.py --cpu-type=DerivO3CPU --caches --l2cache --l1d_size=32kB --l1i_size=32kB --l1d_assoc=8 --l1i_assoc=8 --l2_size=2MB --l2_assoc=8 --l2-hit-latency=7 --mem-type=DDR4_2400_8x8 --mem-size=4GB --fast-forward=150137297 --cmd=/root/amcas_build/gapbs/sssp '--options=-f /root/amcas_build/gapbs/graphs/kron18.wsg -n 2'

info: Standard input is not a terminal, disabling listeners.
Switch at instruction count:150137297
src/sim/simulate.cc:199: info: Entering event queue @ 0.  Starting simulation...
src/sim/syscall_emul.cc:74: warn: ignoring syscall set_robust_list(...)
src/sim/syscall_emul.cc:74: warn: ignoring syscall rseq(...)
src/sim/mem_state.cc:448: info: Increasing stack size by one page.
src/sim/syscall_emul.cc:74: warn: ignoring syscall mprotect(...)
src/sim/mem_state.cc:448: info: Increasing stack size by one page.
Read Time:           0.00145
Graph has 262143 nodes and 3805449 undirected edges for degree: 14
src/sim/simulate.cc:199: info: Entering event queue @ 147742940000.  Starting simulation...
src/sim/power_state.cc:105: warn: PowerState: Already in the requested power state, request ignored
Switched CPUS @ tick 147742940000
switching cpus
**** REAL SIMULATION ****
src/sim/simulate.cc:199: info: Entering event queue @ 147742941000.  Starting simulation...
Trial Time:          0.22525
Trial Time:          0.03094
Average Time:        0.12810
Exiting @ tick 258445198500 because exiting with last active thread context
